[INFO] Scanning for projects...
[INFO] 
[INFO] -----------------< com.wealthbridge:wealthbridge-api >------------------
[INFO] Building WealthBridge API 1.0.0
[INFO]   from pom.xml
[INFO] --------------------------------[ jar ]---------------------------------
[INFO] 
[INFO] --- clean:3.3.2:clean (default-clean) @ wealthbridge-api ---
[INFO] Deleting C:\Users\garim\Desktop\WealthBridge\backend\target
[INFO] 
[INFO] --- resources:3.3.1:resources (default-resources) @ wealthbridge-api ---
[INFO] Copying 1 resource from src\main\resources to target\classes
[INFO] Copying 0 resource from src\main\resources to target\classes
[INFO] 
[INFO] --- compiler:3.11.0:compile (default-compile) @ wealthbridge-api ---
[INFO] Changes detected - recompiling the module! :source
[INFO] Compiling 12 source files with javac [debug release 17] to target\classes
mvn : WARNING: A terminally 
deprecated method in 
sun.misc.Unsafe has been 
called
At line:1 char:1
+ mvn clean compile > 
build_output.log 2>&1; cat 
build_output.log
+ ~~~~~~~~~~~~~~~~~~~~~~~~~~~
~~~~~~~~~~~~~~
    + CategoryInfo           
   : NotSpecified: (WARNING  
  : A term...has been call   
 ed:String) [], RemoteExc    
eption
    + FullyQualifiedErrorId  
   : NativeCommandError
 
WARNING: sun.misc.Unsafe::obj
ectFieldOffset has been 
called by 
lombok.permit.Permit
WARNING: Please consider 
reporting this to the 
maintainers of class 
lombok.permit.Permit
WARNING: sun.misc.Unsafe::obj
ectFieldOffset will be 
removed in a future release
[INFO] ------------------------------------------------------------------------
[INFO] BUILD FAILURE
[INFO] ------------------------------------------------------------------------
[INFO] Total time:  5.338 s
[INFO] Finished at: 2026-03-07T18:12:40+05:30
[INFO] ------------------------------------------------------------------------
[ERROR] Failed to execute goal org.apache.maven.plugins:maven-compiler-plugin:3.11.0:compile (default-compile) on project wealthbridge-api: Fatal error compiling: java.lang.ExceptionInInitializerError: com.sun.tools.javac.code.TypeTag :: UNKNOWN -> [Help 1]
[ERROR] 
[ERROR] To see the full stack trace of the errors, re-run Maven with the -e switch.
[ERROR] Re-run Maven using the -X switch to enable full debug logging.
[ERROR] 
[ERROR] For more information about the errors and possible solutions, please read the following articles:
[ERROR] [Help 1] http://cwiki.apache.org/confluence/display/MAVEN/MojoExecutionException
